../Core/Src/led7_segment.c:11:6:numToLed	16	static
../Core/Src/led7_segment.c:47:6:CLEAR	8	static
../Core/Src/led7_segment.c:56:6:ZERO	8	static
../Core/Src/led7_segment.c:65:6:ONE	8	static
../Core/Src/led7_segment.c:74:6:TWO	8	static
../Core/Src/led7_segment.c:83:6:THREE	8	static
../Core/Src/led7_segment.c:92:6:FOUR	8	static
../Core/Src/led7_segment.c:101:6:FIVE	8	static
../Core/Src/led7_segment.c:110:6:SIX	8	static
../Core/Src/led7_segment.c:119:6:SEVEN	8	static
../Core/Src/led7_segment.c:128:6:EIGHT	8	static
../Core/Src/led7_segment.c:137:6:NINE	8	static
