Archive member included to satisfy reference by file (symbol)

D:/down/STM32CubeIDE_1.19.0/STM32CubeIDE/plugins/com.st.stm32cube.ide.mcu.externaltools.gnu-tools-for-stm32.13.3.rel1.win32_1.0.0.202411081344/tools/bin/../lib/gcc/arm-none-eabi/13.3.1/../../../../arm-none-eabi/lib/thumb/v7-m/nofp\libc_nano.a(libc_a-exit.o)
                              D:/down/STM32CubeIDE_1.19.0/STM32CubeIDE/plugins/com.st.stm32cube.ide.mcu.externaltools.gnu-tools-for-stm32.13.3.rel1.win32_1.0.0.202411081344/tools/bin/../lib/gcc/arm-none-eabi/13.3.1/../../../../arm-none-eabi/lib/thumb/v7-m/nofp/crt0.o (exit)
D:/down/STM32CubeIDE_1.19.0/STM32CubeIDE/plugins/com.st.stm32cube.ide.mcu.externaltools.gnu-tools-for-stm32.13.3.rel1.win32_1.0.0.202411081344/tools/bin/../lib/gcc/arm-none-eabi/13.3.1/../../../../arm-none-eabi/lib/thumb/v7-m/nofp\libc_nano.a(libc_a-findfp.o)
                              D:/down/STM32CubeIDE_1.19.0/STM32CubeIDE/plugins/com.st.stm32cube.ide.mcu.externaltools.gnu-tools-for-stm32.13.3.rel1.win32_1.0.0.202411081344/tools/bin/../lib/gcc/arm-none-eabi/13.3.1/../../../../arm-none-eabi/lib/thumb/v7-m/nofp\libc_nano.a(libc_a-exit.o) (__stdio_exit_handler)
D:/down/STM32CubeIDE_1.19.0/STM32CubeIDE/plugins/com.st.stm32cube.ide.mcu.externaltools.gnu-tools-for-stm32.13.3.rel1.win32_1.0.0.202411081344/tools/bin/../lib/gcc/arm-none-eabi/13.3.1/../../../../arm-none-eabi/lib/thumb/v7-m/nofp\libc_nano.a(libc_a-fwalk.o)
                              D:/down/STM32CubeIDE_1.19.0/STM32CubeIDE/plugins/com.st.stm32cube.ide.mcu.externaltools.gnu-tools-for-stm32.13.3.rel1.win32_1.0.0.202411081344/tools/bin/../lib/gcc/arm-none-eabi/13.3.1/../../../../arm-none-eabi/lib/thumb/v7-m/nofp\libc_nano.a(libc_a-findfp.o) (_fwalk_sglue)
D:/down/STM32CubeIDE_1.19.0/STM32CubeIDE/plugins/com.st.stm32cube.ide.mcu.externaltools.gnu-tools-for-stm32.13.3.rel1.win32_1.0.0.202411081344/tools/bin/../lib/gcc/arm-none-eabi/13.3.1/../../../../arm-none-eabi/lib/thumb/v7-m/nofp\libc_nano.a(libc_a-stdio.o)
                              D:/down/STM32CubeIDE_1.19.0/STM32CubeIDE/plugins/com.st.stm32cube.ide.mcu.externaltools.gnu-tools-for-stm32.13.3.rel1.win32_1.0.0.202411081344/tools/bin/../lib/gcc/arm-none-eabi/13.3.1/../../../../arm-none-eabi/lib/thumb/v7-m/nofp\libc_nano.a(libc_a-findfp.o) (__sread)
D:/down/STM32CubeIDE_1.19.0/STM32CubeIDE/plugins/com.st.stm32cube.ide.mcu.externaltools.gnu-tools-for-stm32.13.3.rel1.win32_1.0.0.202411081344/tools/bin/../lib/gcc/arm-none-eabi/13.3.1/../../../../arm-none-eabi/lib/thumb/v7-m/nofp\libc_nano.a(libc_a-memset.o)
                              D:/down/STM32CubeIDE_1.19.0/STM32CubeIDE/plugins/com.st.stm32cube.ide.mcu.externaltools.gnu-tools-for-stm32.13.3.rel1.win32_1.0.0.202411081344/tools/bin/../lib/gcc/arm-none-eabi/13.3.1/../../../../arm-none-eabi/lib/thumb/v7-m/nofp/crt0.o (memset)
D:/down/STM32CubeIDE_1.19.0/STM32CubeIDE/plugins/com.st.stm32cube.ide.mcu.externaltools.gnu-tools-for-stm32.13.3.rel1.win32_1.0.0.202411081344/tools/bin/../lib/gcc/arm-none-eabi/13.3.1/../../../../arm-none-eabi/lib/thumb/v7-m/nofp\libc_nano.a(libc_a-closer.o)
                              D:/down/STM32CubeIDE_1.19.0/STM32CubeIDE/plugins/com.st.stm32cube.ide.mcu.externaltools.gnu-tools-for-stm32.13.3.rel1.win32_1.0.0.202411081344/tools/bin/../lib/gcc/arm-none-eabi/13.3.1/../../../../arm-none-eabi/lib/thumb/v7-m/nofp\libc_nano.a(libc_a-stdio.o) (_close_r)
D:/down/STM32CubeIDE_1.19.0/STM32CubeIDE/plugins/com.st.stm32cube.ide.mcu.externaltools.gnu-tools-for-stm32.13.3.rel1.win32_1.0.0.202411081344/tools/bin/../lib/gcc/arm-none-eabi/13.3.1/../../../../arm-none-eabi/lib/thumb/v7-m/nofp\libc_nano.a(libc_a-reent.o)
                              D:/down/STM32CubeIDE_1.19.0/STM32CubeIDE/plugins/com.st.stm32cube.ide.mcu.externaltools.gnu-tools-for-stm32.13.3.rel1.win32_1.0.0.202411081344/tools/bin/../lib/gcc/arm-none-eabi/13.3.1/../../../../arm-none-eabi/lib/thumb/v7-m/nofp\libc_nano.a(libc_a-closer.o) (errno)
D:/down/STM32CubeIDE_1.19.0/STM32CubeIDE/plugins/com.st.stm32cube.ide.mcu.externaltools.gnu-tools-for-stm32.13.3.rel1.win32_1.0.0.202411081344/tools/bin/../lib/gcc/arm-none-eabi/13.3.1/../../../../arm-none-eabi/lib/thumb/v7-m/nofp\libc_nano.a(libc_a-impure.o)
                              D:/down/STM32CubeIDE_1.19.0/STM32CubeIDE/plugins/com.st.stm32cube.ide.mcu.externaltools.gnu-tools-for-stm32.13.3.rel1.win32_1.0.0.202411081344/tools/bin/../lib/gcc/arm-none-eabi/13.3.1/../../../../arm-none-eabi/lib/thumb/v7-m/nofp\libc_nano.a(libc_a-reent.o) (_impure_ptr)
D:/down/STM32CubeIDE_1.19.0/STM32CubeIDE/plugins/com.st.stm32cube.ide.mcu.externaltools.gnu-tools-for-stm32.13.3.rel1.win32_1.0.0.202411081344/tools/bin/../lib/gcc/arm-none-eabi/13.3.1/../../../../arm-none-eabi/lib/thumb/v7-m/nofp\libc_nano.a(libc_a-lseekr.o)
[...]
Memory Configuration

Name             Origin             Length             Attributes
RAM              0x20000000         0x00002800         xrw
FLASH            0x08000000         0x00008000         xr
*default*        0x00000000         0xffffffff

Linker script and memory map

LOAD D:/down/STM32CubeIDE_1.19.0/STM32CubeIDE/plugins/com.st.stm32cube.ide.mcu.externaltools.gnu-tools-for-stm32.13.3.rel1.win32_1.0.0.202411081344/tools/bin/../lib/gcc/arm-none-eabi/13.3.1/thumb/v7-m/nofp/crti.o
LOAD D:/down/STM32CubeIDE_1.19.0/STM32CubeIDE/plugins/com.st.stm32cube.ide.mcu.externaltools.gnu-tools-for-stm32.13.3.rel1.win32_1.0.0.202411081344/tools/bin/../lib/gcc/arm-none-eabi/13.3.1/thumb/v7-m/nofp/crtbegin.o
LOAD D:/down/STM32CubeIDE_1.19.0/STM32CubeIDE/plugins/com.st.stm32cube.ide.mcu.externaltools.gnu-tools-for-stm32.13.3.rel1.win32_1.0.0.202411081344/tools/bin/../lib/gcc/arm-none-eabi/13.3.1/../../../../arm-none-eabi/lib/thumb/v7-m/nofp/crt0.o
LOAD ./Core/Src/button.o
LOAD ./Core/Src/fsm_automatic.o
LOAD ./Core/Src/fsm_manual.o
LOAD ./Core/Src/global.o
LOAD ./Core/Src/led7_segment.o
LOAD ./Core/Src/main.o
LOAD ./Core/Src/scheduler.o
LOAD ./Core/Src/software_timer.o
LOAD ./Core/Src/stm32f1xx_hal_msp.o
LOAD ./Core/Src/stm32f1xx_it.o
LOAD ./Core/Src/syscalls.o
LOAD ./Core/Src/sysmem.o
LOAD ./Core/Src/system_stm32f1xx.o
LOAD ./Core/Src/traffic_light.o
LOAD ./Core/Startup/startup_stm32f103c6ux.o
LOAD ./Drivers/STM32F1xx_HAL_Driver/Src/stm32f1xx_hal.o
LOAD ./Drivers/STM32F1xx_HAL_Driver/Src/stm32f1xx_hal_cortex.o
LOAD ./Drivers/STM32F1xx_HAL_Driver/Src/stm32f1xx_hal_dma.o
LOAD ./Drivers/STM32F1xx_HAL_Driver/Src/stm32f1xx_hal_exti.o
LOAD ./Drivers/STM32F1xx_HAL_Driver/Src/stm32f1xx_hal_flash.o
LOAD ./Drivers/STM32F1xx_HAL_Driver/Src/stm32f1xx_hal_flash_ex.o
LOAD ./Drivers/STM32F1xx_HAL_Driver/Src/stm32f1xx_hal_gpio.o
LOAD ./Drivers/STM32F1xx_HAL_Driver/Src/stm32f1xx_hal_gpio_ex.o
LOAD ./Drivers/STM32F1xx_HAL_Driver/Src/stm32f1xx_hal_pwr.o
LOAD ./Drivers/STM32F1xx_HAL_Driver/Src/stm32f1xx_hal_rcc.o
LOAD ./Drivers/STM32F1xx_HAL_Driver/Src/stm32f1xx_hal_rcc_ex.o
LOAD ./Drivers/STM32F1xx_HAL_Driver/Src/stm32f1xx_hal_tim.o
LOAD ./Drivers/STM32F1xx_HAL_Driver/Src/stm32f1xx_hal_tim_ex.o
START GROUP
LOAD D:/down/STM32CubeIDE_1.19.0/STM32CubeIDE/plugins/com.st.stm32cube.ide.mcu.externaltools.gnu-tools-for-stm32.13.3.rel1.win32_1.0.0.202411081344/tools/bin/../lib/gcc/arm-none-eabi/13.3.1/../../../../arm-none-eabi/lib/thumb/v7-m/nofp\libc_nano.a
LOAD D:/down/STM32CubeIDE_1.19.0/STM32CubeIDE/plugins/com.st.stm32cube.ide.mcu.externaltools.gnu-tools-for-stm32.13.3.rel1.win32_1.0.0.202411081344/tools/bin/../lib/gcc/arm-none-eabi/13.3.1/../../../../arm-none-eabi/lib/thumb/v7-m/nofp\libm.a
END GROUP
START GROUP
LOAD D:/down/STM32CubeIDE_1.19.0/STM32CubeIDE/plugins/com.st.stm32cube.ide.mcu.externaltools.gnu-tools-for-stm32.13.3.rel1.win32_1.0.0.202411081344/tools/bin/../lib/gcc/arm-none-eabi/13.3.1/thumb/v7-m/nofp\libgcc.a
LOAD D:/down/STM32CubeIDE_1.19.0/STM32CubeIDE/plugins/com.st.stm32cube.ide.mcu.externaltools.gnu-tools-for-stm32.13.3.rel1.win32_1.0.0.202411081344/tools/bin/../lib/gcc/arm-none-eabi/13.3.1/../../../../arm-none-eabi/lib/thumb/v7-m/nofp\libc_nano.a
END GROUP
START GROUP
LOAD D:/down/STM32CubeIDE_1.19.0/STM32CubeIDE/plugins/com.st.stm32cube.ide.mcu.externaltools.gnu-tools-for-stm32.13.3.rel1.win32_1.0.0.202411081344/tools/bin/../lib/gcc/arm-none-eabi/13.3.1/thumb/v7-m/nofp\libgcc.a
LOAD D:/down/STM32CubeIDE_1.19.0/STM32CubeIDE/plugins/com.st.stm32cube.ide.mcu.externaltools.gnu-tools-for-stm32.13.3.rel1.win32_1.0.0.202411081344/tools/bin/../lib/gcc/arm-none-eabi/13.3.1/../../../../arm-none-eabi/lib/thumb/v7-m/nofp\libc_nano.a
LOAD D:/down/STM32CubeIDE_1.19.0/STM32CubeIDE/plugins/com.st.stm32cube.ide.mcu.externaltools.gnu-tools-for-stm32.13.3.rel1.win32_1.0.0.202411081344/tools/bin/../lib/gcc/arm-none-eabi/13.3.1/../../../../arm-none-eabi/lib/thumb/v7-m/nofp\libnosys.a
END GROUP
START GROUP
LOAD D:/down/STM32CubeIDE_1.19.0/STM32CubeIDE/plugins/com.st.stm32cube.ide.mcu.externaltools.gnu-tools-for-stm32.13.3.rel1.win32_1.0.0.202411081344/tools/bin/../lib/gcc/arm-none-eabi/13.3.1/thumb/v7-m/nofp\libgcc.a
LOAD D:/down/STM32CubeIDE_1.19.0/STM32CubeIDE/plugins/com.st.stm32cube.ide.mcu.externaltools.gnu-tools-for-stm32.13.3.rel1.win32_1.0.0.202411081344/tools/bin/../lib/gcc/arm-none-eabi/13.3.1/../../../../arm-none-eabi/lib/thumb/v7-m/nofp\libc_nano.a
LOAD D:/down/STM32CubeIDE_1.19.0/STM32CubeIDE/plugins/com.st.stm32cube.ide.mcu.externaltools.gnu-tools-for-stm32.13.3.rel1.win32_1.0.0.202411081344/tools/bin/../lib/gcc/arm-none-eabi/13.3.1/../../../../arm-none-eabi/lib/thumb/v7-m/nofp\libnosys.a
END GROUP
LOAD D:/down/STM32CubeIDE_1.19.0/STM32CubeIDE/plugins/com.st.stm32cube.ide.mcu.externaltools.gnu-tools-for-stm32.13.3.rel1.win32_1.0.0.202411081344/tools/bin/../lib/gcc/arm-none-eabi/13.3.1/thumb/v7-m/nofp/crtend.o
LOAD D:/down/STM32CubeIDE_1.19.0/STM32CubeIDE/plugins/com.st.stm32cube.ide.mcu.externaltools.gnu-tools-for-stm32.13.3.rel1.win32_1.0.0.202411081344/tools/bin/../lib/gcc/arm-none-eabi/13.3.1/thumb/v7-m/nofp/crtn.o
                0x20002800                        _estack = (ORIGIN (RAM) + LENGTH (RAM))
                0x00000200                        _Min_Heap_Size = 0x200
                0x00000400                        _Min_Stack_Size = 0x400

.isr_vector     0x08000000      0x10c
                0x08000000                        . = ALIGN (0x4)
 *(.isr_vector)
 .isr_vector    0x08000000      0x10c ./Core/Startup/startup_stm32f103c6ux.o
                0x08000000                g_pfnVectors
                0x0800010c                        . = ALIGN (0x4)

.text           0x0800010c     0x2f08
                0x0800010c                        . = ALIGN (0x4)
 *(.text)
 .text          0x0800010c       0x40 D:/down/STM32CubeIDE_1.19.0/STM32CubeIDE/plugins/com.st.stm32cube.ide.mcu.externaltools.gnu-tools-for-stm32.13.3.rel1.win32_1.0.0.202411081344/tools/bin/../lib/gcc/arm-none-eabi/13.3.1/thumb/v7-m/nofp/crtbegin.o
 *(.text*)
 .text.is_button_pressed
                0x0800014c       0x34 ./Core/Src/button.o
                0x0800014c                is_button_pressed
 .text.getKeyInput
                0x08000180      0x13c ./Core/Src/button.o
                0x08000180                getKeyInput
 .text.update_led7seg
                0x080002bc       0x80 ./Core/Src/fsm_automatic.o
                0x080002bc                update_led7seg
 .text.update_led_for_1s
                0x0800033c       0x40 ./Core/Src/fsm_automatic.o
                0x0800033c                update_led_for_1s
 .text.led7_segRun
                0x0800037c      0x19c ./Core/Src/fsm_automatic.o
                0x0800037c                led7_segRun
 .text.traffic_lightRun
                0x08000518      0x12c ./Core/Src/fsm_automatic.o
                0x08000518                traffic_lightRun
 .text.fsm_automatic
                0x08000644       0x14 ./Core/Src/fsm_automatic.o
                0x08000644                fsm_automatic
 .text.increase_duration
                0x08000658       0x28 ./Core/Src/fsm_manual.o
                0x08000658                increase_duration
 .text.fsm_manual
                0x08000680      0x3a4 ./Core/Src/fsm_manual.o
                0x08000680                fsm_manual
 .text.numToLed
                0x08000a24       0x84 ./Core/Src/led7_segment.o
                0x08000a24                numToLed
 .text.ZERO     0x08000aa8       0x54 ./Core/Src/led7_segment.o
                0x08000aa8                ZERO
 .text.ONE      0x08000afc       0x54 ./Core/Src/led7_segment.o
                0x08000afc                ONE
 .text.TWO      0x08000b50       0x54 ./Core/Src/led7_segment.o
                0x08000b50                TWO
 .text.THREE    0x08000ba4       0x54 ./Core/Src/led7_segment.o
                0x08000ba4                THREE
 .text.FOUR     0x08000bf8       0x54 ./Core/Src/led7_segment.o
                0x08000bf8                FOUR
 .text.FIVE     0x08000c4c       0x54 ./Core/Src/led7_segment.o
                0x08000c4c                FIVE
 .text.SIX      0x08000ca0       0x54 ./Core/Src/led7_segment.o
                0x08000ca0                SIX
 .text.SEVEN    0x08000cf4       0x54 ./Core/Src/led7_segment.o
                0x08000cf4                SEVEN
 .text.EIGHT    0x08000d48       0x54 ./Core/Src/led7_segment.o
                0x08000d48                EIGHT
 .text.NINE     0x08000d9c       0x54 ./Core/Src/led7_segment.o
                0x08000d9c                NINE
 .text.blink_led
                0x08000df0       0x18 ./Core/Src/main.o
                0x08000df0                blink_led
 .text.main     0x08000e08       0x64 ./Core/Src/main.o
                0x08000e08                main
 .text.SystemClock_Config
                0x08000e6c       0x76 ./Core/Src/main.o
                0x08000e6c                SystemClock_Config
 *fill*         0x08000ee2        0x2 
 .text.MX_TIM2_Init
                0x08000ee4       0x98 ./Core/Src/main.o
 .text.MX_GPIO_Init
                0x08000f7c       0xe4 ./Core/Src/main.o
 .text.HAL_TIM_PeriodElapsedCallback
                0x08001060       0x14 ./Core/Src/main.o
                0x08001060                HAL_TIM_PeriodElapsedCallback
 .text.Error_Handler
                0x08001074        0xc ./Core/Src/main.o
                0x08001074                Error_Handler
 .text.SCH_Init
                0x08001080       0x34 ./Core/Src/scheduler.o
                0x08001080                SCH_Init
 .text.SCH_Delete_Task
                0x080010b4       0x80 ./Core/Src/scheduler.o
                0x080010b4                SCH_Delete_Task
 .text.SCH_Add_Task
                0x08001134      0x210 ./Core/Src/scheduler.o
                0x08001134                SCH_Add_Task
 .text.SCH_Update
                0x08001344      0x11c ./Core/Src/scheduler.o
                0x08001344                SCH_Update
 .text.SCH_Dispatch_Tasks
                0x08001460       0xe8 ./Core/Src/scheduler.o
                0x08001460                SCH_Dispatch_Tasks
 .text.setTimer
                0x08001548       0x40 ./Core/Src/software_timer.o
                0x08001548                setTimer
 .text.timerRun
                0x08001588       0x60 ./Core/Src/software_timer.o
                0x08001588                timerRun
 .text.HAL_MspInit
                0x080015e8       0x64 ./Core/Src/stm32f1xx_hal_msp.o
                0x080015e8                HAL_MspInit
 .text.HAL_TIM_Base_MspInit
                0x0800164c       0x48 ./Core/Src/stm32f1xx_hal_msp.o
                0x0800164c                HAL_TIM_Base_MspInit
 .text.NMI_Handler
                0x08001694        0x8 ./Core/Src/stm32f1xx_it.o
                0x08001694                NMI_Handler
 .text.HardFault_Handler
                0x0800169c        0x8 ./Core/Src/stm32f1xx_it.o
                0x0800169c                HardFault_Handler
 .text.MemManage_Handler
                0x080016a4        0x8 ./Core/Src/stm32f1xx_it.o
                0x080016a4                MemManage_Handler
 .text.BusFault_Handler
                0x080016ac        0x8 ./Core/Src/stm32f1xx_it.o
                0x080016ac                BusFault_Handler
 .text.UsageFault_Handler
                0x080016b4        0x8 ./Core/Src/stm32f1xx_it.o
                0x080016b4                UsageFault_Handler
 .text.SVC_Handler
                0x080016bc        0xc ./Core/Src/stm32f1xx_it.o
                0x080016bc                SVC_Handler
 .text.DebugMon_Handler
                0x080016c8        0xc ./Core/Src/stm32f1xx_it.o
                0x080016c8                DebugMon_Handler
 .text.PendSV_Handler
                0x080016d4        0xc ./Core/Src/stm32f1xx_it.o
                0x080016d4                PendSV_Handler
 .text.SysTick_Handler
                0x080016e0        0xc ./Core/Src/stm32f1xx_it.o
                0x080016e0                SysTick_Handler
 .text.TIM2_IRQHandler
                0x080016ec       0x14 ./Core/Src/stm32f1xx_it.o
                0x080016ec                TIM2_IRQHandler
 .text.SystemInit
                0x08001700        0xc ./Core/Src/system_stm32f1xx.o
                0x08001700                SystemInit
 .text.RED_1    0x0800170c       0x2c ./Core/Src/traffic_light.o
                0x0800170c                RED_1
 .text.GREEN_1  0x08001738       0x2c ./Core/Src/traffic_light.o
                0x08001738                GREEN_1
 .text.YELLOW_1
                0x08001764       0x2c ./Core/Src/traffic_light.o
                0x08001764                YELLOW_1
 .text.RED_2    0x08001790       0x2c ./Core/Src/traffic_light.o
                0x08001790                RED_2
 .text.GREEN_2  0x080017bc       0x2c ./Core/Src/traffic_light.o
                0x080017bc                GREEN_2
 .text.YELLOW_2
                0x080017e8       0x2c ./Core/Src/traffic_light.o
                0x080017e8                YELLOW_2
 .text.blink_RED_1
                0x08001814       0x3c ./Core/Src/traffic_light.o
                0x08001814                blink_RED_1
 .text.blink_GREEN_1
                0x08001850       0x3c ./Core/Src/traffic_light.o
                0x08001850                blink_GREEN_1
 .text.blink_YELLOW_1
                0x0800188c       0x3c ./Core/Src/traffic_light.o
                0x0800188c                blink_YELLOW_1
 .text.blink_RED_2
                0x080018c8       0x3c ./Core/Src/traffic_light.o
                0x080018c8                blink_RED_2
 .text.blink_GREEN_2
                0x08001904       0x3c ./Core/Src/traffic_light.o
                0x08001904                blink_GREEN_2
 .text.blink_YELLOW_2
                0x08001940       0x3c ./Core/Src/traffic_light.o
                0x08001940                blink_YELLOW_2
 .text.Reset_Handler
                0x0800197c       0x48 ./Core/Startup/startup_stm32f103c6ux.o
                0x0800197c                Reset_Handler
 .text.Default_Handler
                0x080019c4        0x2 ./Core/Startup/startup_stm32f103c6ux.o
                0x080019c4                RTC_Alarm_IRQHandler
                0x080019c4                EXTI2_IRQHandler
                0x080019c4                TIM1_CC_IRQHandler
                0x080019c4                PVD_IRQHandler
                0x080019c4                EXTI3_IRQHandler
                0x080019c4                EXTI0_IRQHandler
                0x080019c4                ADC1_2_IRQHandler
                0x080019c4                SPI1_IRQHandler
                0x080019c4                TAMPER_IRQHandler
                0x080019c4                DMA1_Channel4_IRQHandler
                0x080019c4                RTC_IRQHandler
                0x080019c4                DMA1_Channel7_IRQHandler
                0x080019c4                CAN1_RX1_IRQHandler
                0x080019c4                I2C1_EV_IRQHandler
                0x080019c4                DMA1_Channel6_IRQHandler
                0x080019c4                TIM3_IRQHandler
                0x080019c4                RCC_IRQHandler
                0x080019c4                TIM1_TRG_COM_IRQHandler
                0x080019c4                DMA1_Channel1_IRQHandler
                0x080019c4                Default_Handler
                0x080019c4                EXTI15_10_IRQHandler
                0x080019c4                EXTI9_5_IRQHandler
                0x080019c4                DMA1_Channel5_IRQHandler
                0x080019c4                EXTI4_IRQHandler
                0x080019c4                USB_LP_CAN1_RX0_IRQHandler
                0x080019c4                USB_HP_CAN1_TX_IRQHandler
                0x080019c4                DMA1_Channel3_IRQHandler
                0x080019c4                TIM1_UP_IRQHandler
                0x080019c4                WWDG_IRQHandler
                0x080019c4                TIM1_BRK_IRQHandler
                0x080019c4                EXTI1_IRQHandler
                0x080019c4                USART2_IRQHandler
                0x080019c4                DMA1_Channel2_IRQHandler
                0x080019c4                CAN1_SCE_IRQHandler
                0x080019c4                FLASH_IRQHandler
                0x080019c4                USART1_IRQHandler
                0x080019c4                I2C1_ER_IRQHandler
                0x080019c4                USBWakeUp_IRQHandler
 *fill*         0x080019c6        0x2 
 .text.HAL_Init
                0x080019c8       0x2c ./Drivers/STM32F1xx_HAL_Driver/Src/stm32f1xx_hal.o
                0x080019c8                HAL_Init
 .text.HAL_InitTick
                0x080019f4       0x60 ./Drivers/STM32F1xx_HAL_Driver/Src/stm32f1xx_hal.o
                0x080019f4                HAL_InitTick
 .text.HAL_IncTick
                0x08001a54       0x24 ./Drivers/STM32F1xx_HAL_Driver/Src/stm32f1xx_hal.o
                0x08001a54                HAL_IncTick
 .text.HAL_GetTick
                0x08001a78       0x14 ./Drivers/STM32F1xx_HAL_Driver/Src/stm32f1xx_hal.o
                0x08001a78                HAL_GetTick
 .text.__NVIC_SetPriorityGrouping
                0x08001a8c       0x48 ./Drivers/STM32F1xx_HAL_Driver/Src/stm32f1xx_hal_cortex.o
 .text.__NVIC_GetPriorityGrouping
                0x08001ad4       0x1c ./Drivers/STM32F1xx_HAL_Driver/Src/stm32f1xx_hal_cortex.o
 .text.__NVIC_EnableIRQ
                0x08001af0       0x38 ./Drivers/STM32F1xx_HAL_Driver/Src/stm32f1xx_hal_cortex.o
 .text.__NVIC_SetPriority
                0x08001b28       0x54 ./Drivers/STM32F1xx_HAL_Driver/Src/stm32f1xx_hal_cortex.o
 .text.NVIC_EncodePriority
                0x08001b7c       0x64 ./Drivers/STM32F1xx_HAL_Driver/Src/stm32f1xx_hal_cortex.o
 .text.SysTick_Config
                0x08001be0       0x44 ./Drivers/STM32F1xx_HAL_Driver/Src/stm32f1xx_hal_cortex.o
 .text.HAL_NVIC_SetPriorityGrouping
                0x08001c24       0x16 ./Drivers/STM32F1xx_HAL_Driver/Src/stm32f1xx_hal_cortex.o
                0x08001c24                HAL_NVIC_SetPriorityGrouping
 .text.HAL_NVIC_SetPriority
                0x08001c3a       0x38 ./Drivers/STM32F1xx_HAL_Driver/Src/stm32f1xx_hal_cortex.o
                0x08001c3a                HAL_NVIC_SetPriority
 .text.HAL_NVIC_EnableIRQ
                0x08001c72       0x1c ./Drivers/STM32F1xx_HAL_Driver/Src/stm32f1xx_hal_cortex.o
                0x08001c72                HAL_NVIC_EnableIRQ
 .text.HAL_SYSTICK_Config
                0x08001c8e       0x18 ./Drivers/STM32F1xx_HAL_Driver/Src/stm32f1xx_hal_cortex.o
                0x08001c8e                HAL_SYSTICK_Config
 *fill*         0x08001ca6        0x2 
 .text.HAL_GPIO_Init
                0x08001ca8      0x2f8 ./Drivers/STM32F1xx_HAL_Driver/Src/stm32f1xx_hal_gpio.o
                0x08001ca8                HAL_GPIO_Init
 .text.HAL_GPIO_ReadPin
                0x08001fa0       0x2e ./Drivers/STM32F1xx_HAL_Driver/Src/stm32f1xx_hal_gpio.o
                0x08001fa0                HAL_GPIO_ReadPin
 .text.HAL_GPIO_WritePin
                0x08001fce       0x30 ./Drivers/STM32F1xx_HAL_Driver/Src/stm32f1xx_hal_gpio.o
                0x08001fce                HAL_GPIO_WritePin
 .text.HAL_GPIO_TogglePin
                0x08001ffe       0x32 ./Drivers/STM32F1xx_HAL_Driver/Src/stm32f1xx_hal_gpio.o
                0x08001ffe                HAL_GPIO_TogglePin
 .text.HAL_RCC_OscConfig
                0x08002030      0x504 ./Drivers/STM32F1xx_HAL_Driver/Src/stm32f1xx_hal_rcc.o
                0x08002030                HAL_RCC_OscConfig
 .text.HAL_RCC_ClockConfig
                0x08002534      0x1d4 ./Drivers/STM32F1xx_HAL_Driver/Src/stm32f1xx_hal_rcc.o
                0x08002534                HAL_RCC_ClockConfig
 .text.HAL_RCC_GetSysClockFreq
                0x08002708       0xa8 ./Drivers/STM32F1xx_HAL_Driver/Src/stm32f1xx_hal_rcc.o
                0x08002708                HAL_RCC_GetSysClockFreq
 .text.RCC_Delay
                0x080027b0       0x3c ./Drivers/STM32F1xx_HAL_Driver/Src/stm32f1xx_hal_rcc.o
 .text.HAL_TIM_Base_Init
                0x080027ec       0x9e ./Drivers/STM32F1xx_HAL_Driver/Src/stm32f1xx_hal_tim.o
                0x080027ec                HAL_TIM_Base_Init
 *fill*         0x0800288a        0x2 
 .text.HAL_TIM_Base_Start_IT
                0x0800288c       0x98 ./Drivers/STM32F1xx_HAL_Driver/Src/stm32f1xx_hal_tim.o
                0x0800288c                HAL_TIM_Base_Start_IT
 .text.HAL_TIM_IRQHandler
                0x08002924      0x1e0 ./Drivers/STM32F1xx_HAL_Driver/Src/stm32f1xx_hal_tim.o
                0x08002924                HAL_TIM_IRQHandler
 .text.HAL_TIM_ConfigClockSource
                0x08002b04      0x18e ./Drivers/STM32F1xx_HAL_Driver/Src/stm32f1xx_hal_tim.o
                0x08002b04                HAL_TIM_ConfigClockSource
 .text.HAL_TIM_OC_DelayElapsedCallback
                0x08002c92       0x12 ./Drivers/STM32F1xx_HAL_Driver/Src/stm32f1xx_hal_tim.o
                0x08002c92                HAL_TIM_OC_DelayElapsedCallback
 .text.HAL_TIM_IC_CaptureCallback
                0x08002ca4       0x12 ./Drivers/STM32F1xx_HAL_Driver/Src/stm32f1xx_hal_tim.o
                0x08002ca4                HAL_TIM_IC_CaptureCallback
 .text.HAL_TIM_PWM_PulseFinishedCallback
                0x08002cb6       0x12 ./Drivers/STM32F1xx_HAL_Driver/Src/stm32f1xx_hal_tim.o
                0x08002cb6                HAL_TIM_PWM_PulseFinishedCallback
 .text.HAL_TIM_TriggerCallback
                0x08002cc8       0x12 ./Drivers/STM32F1xx_HAL_Driver/Src/stm32f1xx_hal_tim.o
                0x08002cc8                HAL_TIM_TriggerCallback
 *fill*         0x08002cda        0x2 
 .text.TIM_Base_SetConfig
                0x08002cdc       0xc8 ./Drivers/STM32F1xx_HAL_Driver/Src/stm32f1xx_hal_tim.o
                0x08002cdc                TIM_Base_SetConfig
 .text.TIM_TI1_ConfigInputStage
                0x08002da4       0x5c ./Drivers/STM32F1xx_HAL_Driver/Src/stm32f1xx_hal_tim.o
 .text.TIM_TI2_ConfigInputStage
                0x08002e00       0x5e ./Drivers/STM32F1xx_HAL_Driver/Src/stm32f1xx_hal_tim.o
 .text.TIM_ITRx_SetConfig
                0x08002e5e       0x34 ./Drivers/STM32F1xx_HAL_Driver/Src/stm32f1xx_hal_tim.o
 .text.TIM_ETR_SetConfig
                0x08002e92       0x3e ./Drivers/STM32F1xx_HAL_Driver/Src/stm32f1xx_hal_tim.o
                0x08002e92                TIM_ETR_SetConfig
 .text.HAL_TIMEx_MasterConfigSynchronization
                0x08002ed0       0xb0 ./Drivers/STM32F1xx_HAL_Driver/Src/stm32f1xx_hal_tim_ex.o
                0x08002ed0                HAL_TIMEx_MasterConfigSynchronization
 .text.HAL_TIMEx_CommutCallback
                0x08002f80       0x12 ./Drivers/STM32F1xx_HAL_Driver/Src/stm32f1xx_hal_tim_ex.o
                0x08002f80                HAL_TIMEx_CommutCallback
 .text.HAL_TIMEx_BreakCallback
                0x08002f92       0x12 ./Drivers/STM32F1xx_HAL_Driver/Src/stm32f1xx_hal_tim_ex.o
                0x08002f92                HAL_TIMEx_BreakCallback
 .text.memset   0x08002fa4       0x10 D:/down/STM32CubeIDE_1.19.0/STM32CubeIDE/plugins/com.st.stm32cube.ide.mcu.externaltools.gnu-tools-for-stm32.13.3.rel1.win32_1.0.0.202411081344/tools/bin/../lib/gcc/arm-none-eabi/13.3.1/../../../../arm-none-eabi/lib/thumb/v7-m/nofp\libc_nano.a(libc_a-memset.o)
                0x08002fa4                memset
 .text.__libc_init_array
                0x08002fb4       0x48 D:/down/STM32CubeIDE_1.19.0/STM32CubeIDE/plugins/com.st.stm32cube.ide.mcu.externaltools.gnu-tools-for-stm32.13.3.rel1.win32_1.0.0.202411081344/tools/bin/../lib/gcc/arm-none-eabi/13.3.1/../../../../arm-none-eabi/lib/thumb/v7-m/nofp\libc_nano.a(libc_a-init.o)
                0x08002fb4                __libc_init_array
 *(.glue_7)
 .glue_7        0x08002ffc        0x0 linker stubs
 *(.glue_7t)
 .glue_7t       0x08002ffc        0x0 linker stubs
 *(.eh_frame)
 .eh_frame      0x08002ffc        0x0 D:/down/STM32CubeIDE_1.19.0/STM32CubeIDE/plugins/com.st.stm32cube.ide.mcu.externaltools.gnu-tools-for-stm32.13.3.rel1.win32_1.0.0.202411081344/tools/bin/../lib/gcc/arm-none-eabi/13.3.1/thumb/v7-m/nofp/crtbegin.o
 *(.init)
 .init          0x08002ffc        0x4 D:/down/STM32CubeIDE_1.19.0/STM32CubeIDE/plugins/com.st.stm32cube.ide.mcu.externaltools.gnu-tools-for-stm32.13.3.rel1.win32_1.0.0.202411081344/tools/bin/../lib/gcc/arm-none-eabi/13.3.1/thumb/v7-m/nofp/crti.o
                0x08002ffc                _init
 .init          0x08003000        0x8 D:/down/STM32CubeIDE_1.19.0/STM32CubeIDE/plugins/com.st.stm32cube.ide.mcu.externaltools.gnu-tools-for-stm32.13.3.rel1.win32_1.0.0.202411081344/tools/bin/../lib/gcc/arm-none-eabi/13.3.1/thumb/v7-m/nofp/crtn.o
 *(.fini)
 .fini          0x08003008        0x4 D:/down/STM32CubeIDE_1.19.0/STM32CubeIDE/plugins/com.st.stm32cube.ide.mcu.externaltools.gnu-tools-for-stm32.13.3.rel1.win32_1.0.0.202411081344/tools/bin/../lib/gcc/arm-none-eabi/13.3.1/thumb/v7-m/nofp/crti.o
                0x08003008                _fini
 .fini          0x0800300c        0x8 D:/down/STM32CubeIDE_1.19.0/STM32CubeIDE/plugins/com.st.stm32cube.ide.mcu.externaltools.gnu-tools-for-stm32.13.3.rel1.win32_1.0.0.202411081344/tools/bin/../lib/gcc/arm-none-eabi/13.3.1/thumb/v7-m/nofp/crtn.o
                0x08003014                        . = ALIGN (0x4)
                0x08003014                        _etext = .

.vfp11_veneer   0x08003014        0x0
 .vfp11_veneer  0x08003014        0x0 linker stubs

.v4_bx          0x08003014        0x0
 .v4_bx         0x08003014        0x0 linker stubs

.iplt           0x08003014        0x0
 .iplt          0x08003014        0x0 D:/down/STM32CubeIDE_1.19.0/STM32CubeIDE/plugins/com.st.stm32cube.ide.mcu.externaltools.gnu-tools-for-stm32.13.3.rel1.win32_1.0.0.202411081344/tools/bin/../lib/gcc/arm-none-eabi/13.3.1/thumb/v7-m/nofp/crtbegin.o

.rodata         0x08003014       0x24
                0x08003014                        . = ALIGN (0x4)
 *(.rodata)
 *(.rodata*)
 .rodata.AHBPrescTable
                0x08003014       0x10 ./Core/Src/system_stm32f1xx.o
                0x08003014                AHBPrescTable
 .rodata.aPLLMULFactorTable.1
                0x08003024       0x10 ./Drivers/STM32F1xx_HAL_Driver/Src/stm32f1xx_hal_rcc.o
 .rodata.aPredivFactorTable.0
                0x08003034        0x2 ./Drivers/STM32F1xx_HAL_Driver/Src/stm32f1xx_hal_rcc.o
                0x08003038                        . = ALIGN (0x4)
 *fill*         0x08003036        0x2 

.ARM.extab      0x08003038        0x0
                0x08003038                        . = ALIGN (0x4)
 *(.ARM.extab* .gnu.linkonce.armextab.*)
                0x08003038                        . = ALIGN (0x4)

.ARM            0x08003038        0x0
                0x08003038                        . = ALIGN (0x4)
                0x08003038                        __exidx_start = .
 *(.ARM.exidx*)
                0x08003038                        __exidx_end = .
                0x08003038                        . = ALIGN (0x4)

.preinit_array  0x08003038        0x0
                0x08003038                        . = ALIGN (0x4)
                0x08003038                        PROVIDE (__preinit_array_start = .)
 *(.preinit_array*)
                0x08003038                        PROVIDE (__preinit_array_end = .)
                0x08003038                        . = ALIGN (0x4)

.init_array     0x08003038        0x4
                0x08003038                        . = ALIGN (0x4)
                0x08003038                        PROVIDE (__init_array_start = .)
 *(SORT_BY_NAME(.init_array.*))
 *(.init_array*)
 .init_array    0x08003038        0x4 D:/down/STM32CubeIDE_1.19.0/STM32CubeIDE/plugins/com.st.stm32cube.ide.mcu.externaltools.gnu-tools-for-stm32.13.3.rel1.win32_1.0.0.202411081344/tools/bin/../lib/gcc/arm-none-eabi/13.3.1/thumb/v7-m/nofp/crtbegin.o
                0x0800303c                        PROVIDE (__init_array_end = .)
                0x0800303c                        . = ALIGN (0x4)

.fini_array     0x0800303c        0x4
                0x0800303c                        . = ALIGN (0x4)
                [!provide]                        PROVIDE (__fini_array_start = .)
 *(SORT_BY_NAME(.fini_array.*))
 *(.fini_array*)
 .fini_array    0x0800303c        0x4 D:/down/STM32CubeIDE_1.19.0/STM32CubeIDE/plugins/com.st.stm32cube.ide.mcu.externaltools.gnu-tools-for-stm32.13.3.rel1.win32_1.0.0.202411081344/tools/bin/../lib/gcc/arm-none-eabi/13.3.1/thumb/v7-m/nofp/crtbegin.o
                [!provide]                        PROVIDE (__fini_array_end = .)
                0x08003040                        . = ALIGN (0x4)
                0x08003040                        _sidata = LOADADDR (.data)

.rel.dyn        0x08003040        0x0
 .rel.iplt      0x08003040        0x0 D:/down/STM32CubeIDE_1.19.0/STM32CubeIDE/plugins/com.st.stm32cube.ide.mcu.externaltools.gnu-tools-for-stm32.13.3.rel1.win32_1.0.0.202411081344/tools/bin/../lib/gcc/arm-none-eabi/13.3.1/thumb/v7-m/nofp/crtbegin.o

.data           0x20000000       0x50 load address 0x08003040
                0x20000000                        . = ALIGN (0x4)
                0x20000000                        _sdata = .
 *(.data)
 *(.data*)
 .data.keyReg0  0x20000000        0xc ./Core/Src/button.o
                0x20000000                keyReg0
 .data.keyReg1  0x2000000c        0xc ./Core/Src/button.o
                0x2000000c                keyReg1
 .data.keyReg2  0x20000018        0xc ./Core/Src/button.o
                0x20000018                keyReg2
 .data.bufferButton
                0x20000024        0xc ./Core/Src/button.o
                0x20000024                bufferButton
 .data.mode     0x20000030        0x4 ./Core/Src/global.o
                0x20000030                mode
 .data.red_duration
                0x20000034        0x4 ./Core/Src/global.o
                0x20000034                red_duration
 .data.green_duration
                0x20000038        0x4 ./Core/Src/global.o
                0x20000038                green_duration
 .data.yellow_duration
                0x2000003c        0x4 ./Core/Src/global.o
                0x2000003c                yellow_duration
 .data.Head_Index
                0x20000040        0x4 ./Core/Src/scheduler.o
 .data.SystemCoreClock
                0x20000044        0x4 ./Core/Src/system_stm32f1xx.o
                0x20000044                SystemCoreClock
 .data.uwTickPrio
                0x20000048        0x4 ./Drivers/STM32F1xx_HAL_Driver/Src/stm32f1xx_hal.o
                0x20000048                uwTickPrio
 .data.uwTickFreq
                0x2000004c        0x1 ./Drivers/STM32F1xx_HAL_Driver/Src/stm32f1xx_hal.o
                0x2000004c                uwTickFreq
 *(.RamFunc)
 *(.RamFunc*)
                0x20000050                        . = ALIGN (0x4)
 *fill*         0x2000004d        0x3 
                0x20000050                        _edata = .

.igot.plt       0x20000050        0x0 load address 0x08003090
 .igot.plt      0x20000050        0x0 D:/down/STM32CubeIDE_1.19.0/STM32CubeIDE/plugins/com.st.stm32cube.ide.mcu.externaltools.gnu-tools-for-stm32.13.3.rel1.win32_1.0.0.202411081344/tools/bin/../lib/gcc/arm-none-eabi/13.3.1/thumb/v7-m/nofp/crtbegin.o
                0x20000050                        . = ALIGN (0x4)

.bss            0x20000050      0x3e8 load address 0x08003090
                0x20000050                        _sbss = .
                0x20000050                        __bss_start__ = _sbss
 *(.bss)
 .bss           0x20000050       0x1c D:/down/STM32CubeIDE_1.19.0/STM32CubeIDE/plugins/com.st.stm32cube.ide.mcu.externaltools.gnu-tools-for-stm32.13.3.rel1.win32_1.0.0.202411081344/tools/bin/../lib/gcc/arm-none-eabi/13.3.1/thumb/v7-m/nofp/crtbegin.o
 *(.bss*)
 .bss.button_flag
                0x2000006c        0xc ./Core/Src/button.o
                0x2000006c                button_flag
 .bss.timerforkeypress
                0x20000078        0xc ./Core/Src/button.o
                0x20000078                timerforkeypress
 .bss.led_buffer
                0x20000084       0x10 ./Core/Src/fsm_automatic.o
                0x20000084                led_buffer
 .bss.led_status
                0x20000094        0x4 ./Core/Src/global.o
                0x20000094                led_status
 .bss.status    0x20000098        0x4 ./Core/Src/global.o
                0x20000098                status
 .bss.led1_value
                0x2000009c        0x4 ./Core/Src/global.o
                0x2000009c                led1_value
 .bss.led2_value
                0x200000a0        0x4 ./Core/Src/global.o
                0x200000a0                led2_value
 .bss.htim2     0x200000a4       0x48 ./Core/Src/main.o
                0x200000a4                htim2
 .bss.SCH_tasks_G
                0x200000ec      0x320 ./Core/Src/scheduler.o
                0x200000ec                SCH_tasks_G
 .bss.timer_counter
                0x2000040c       0x14 ./Core/Src/software_timer.o
                0x2000040c                timer_counter
 .bss.timer_flag
                0x20000420       0x14 ./Core/Src/software_timer.o
                0x20000420                timer_flag
 .bss.uwTick    0x20000434        0x4 ./Drivers/STM32F1xx_HAL_Driver/Src/stm32f1xx_hal.o
                0x20000434                uwTick
 *(COMMON)
                0x20000438                        . = ALIGN (0x4)
                0x20000438                        _ebss = .
                0x20000438                        __bss_end__ = _ebss

._user_heap_stack
                0x20000438      0x600 load address 0x08003090
                0x20000438                        . = ALIGN (0x8)
                [!provide]                        PROVIDE (end = .)
                0x20000438                        PROVIDE (_end = .)
                0x20000638                        . = (. + _Min_Heap_Size)
 *fill*         0x20000438      0x200 
                0x20000a38                        . = (. + _Min_Stack_Size)
 *fill*         0x20000638      0x400 
                0x20000a38                        . = ALIGN (0x8)

/DISCARD/
 libc.a(*)
 libm.a(*)
 libgcc.a(*)

.ARM.attributes
                0x00000000       0x29
 *(.ARM.attributes)
 .ARM.attributes
                0x00000000       0x1d D:/down/STM32CubeIDE_1.19.0/STM32CubeIDE/plugins/com.st.stm32cube.ide.mcu.externaltools.gnu-tools-for-stm32.13.3.rel1.win32_1.0.0.202411081344/tools/bin/../lib/gcc/arm-none-eabi/13.3.1/thumb/v7-m/nofp/crti.o
 .ARM.attributes
                0x0000001d       0x2d D:/down/STM32CubeIDE_1.19.0/STM32CubeIDE/plugins/com.st.stm32cube.ide.mcu.externaltools.gnu-tools-for-stm32.13.3.rel1.win32_1.0.0.202411081344/tools/bin/../lib/gcc/arm-none-eabi/13.3.1/thumb/v7-m/nofp/crtbegin.o
 .ARM.attributes
                0x0000004a       0x2d ./Core/Src/button.o
 .ARM.attributes
                0x00000077       0x2d ./Core/Src/fsm_automatic.o
 .ARM.attributes
                0x000000a4       0x2d ./Core/Src/fsm_manual.o
 .ARM.attributes
                0x000000d1       0x2d ./Core/Src/global.o
 .ARM.attributes
                0x000000fe       0x2d ./Core/Src/led7_segment.o
 .ARM.attributes
                0x0000012b       0x2d ./Core/Src/main.o
 .ARM.attributes
                0x00000158       0x2d ./Core/Src/scheduler.o
 .ARM.attributes
                0x00000185       0x2d ./Core/Src/software_timer.o
 .ARM.attributes
                0x000001b2       0x2d ./Core/Src/stm32f1xx_hal_msp.o
 .ARM.attributes
                0x000001df       0x2d ./Core/Src/stm32f1xx_it.o
 .ARM.attributes
                0x0000020c       0x2d ./Core/Src/system_stm32f1xx.o
 .ARM.attributes
                0x00000239       0x2d ./Core/Src/traffic_light.o
 .ARM.attributes
                0x00000266       0x21 ./Core/Startup/startup_stm32f103c6ux.o
 .ARM.attributes
                0x00000287       0x2d ./Drivers/STM32F1xx_HAL_Driver/Src/stm32f1xx_hal.o
 .ARM.attributes
                0x000002b4       0x2d ./Drivers/STM32F1xx_HAL_Driver/Src/stm32f1xx_hal_cortex.o
 .ARM.attributes
                0x000002e1       0x2d ./Drivers/STM32F1xx_HAL_Driver/Src/stm32f1xx_hal_gpio.o
 .ARM.attributes
                0x0000030e       0x2d ./Drivers/STM32F1xx_HAL_Driver/Src/stm32f1xx_hal_rcc.o
 .ARM.attributes
                0x0000033b       0x2d ./Drivers/STM32F1xx_HAL_Driver/Src/stm32f1xx_hal_tim.o
 .ARM.attributes
                0x00000368       0x2d ./Drivers/STM32F1xx_HAL_Driver/Src/stm32f1xx_hal_tim_ex.o
 .ARM.attributes
                0x00000395       0x2d D:/down/STM32CubeIDE_1.19.0/STM32CubeIDE/plugins/com.st.stm32cube.ide.mcu.externaltools.gnu-tools-for-stm32.13.3.rel1.win32_1.0.0.202411081344/tools/bin/../lib/gcc/arm-none-eabi/13.3.1/../../../../arm-none-eabi/lib/thumb/v7-m/nofp\libc_nano.a(libc_a-memset.o)
 .ARM.attributes
                0x000003c2       0x2d D:/down/STM32CubeIDE_1.19.0/STM32CubeIDE/plugins/com.st.stm32cube.ide.mcu.externaltools.gnu-tools-for-stm32.13.3.rel1.win32_1.0.0.202411081344/tools/bin/../lib/gcc/arm-none-eabi/13.3.1/../../../../arm-none-eabi/lib/thumb/v7-m/nofp\libc_nano.a(libc_a-init.o)
 .ARM.attributes
                0x000003ef       0x1d D:/down/STM32CubeIDE_1.19.0/STM32CubeIDE/plugins/com.st.stm32cube.ide.mcu.externaltools.gnu-tools-for-stm32.13.3.rel1.win32_1.0.0.202411081344/tools/bin/../lib/gcc/arm-none-eabi/13.3.1/thumb/v7-m/nofp/crtn.o
OUTPUT(LAB4.elf elf32-littlearm)
LOAD linker stubs
LOAD D:/down/STM32CubeIDE_1.19.0/STM32CubeIDE/plugins/com.st.stm32cube.ide.mcu.externaltools.gnu-tools-for-stm32.13.3.rel1.win32_1.0.0.202411081344/tools/bin/../lib/gcc/arm-none-eabi/13.3.1/../../../../arm-none-eabi/lib/thumb/v7-m/nofp\libc.a
LOAD D:/down/STM32CubeIDE_1.19.0/STM32CubeIDE/plugins/com.st.stm32cube.ide.mcu.externaltools.gnu-tools-for-stm32.13.3.rel1.win32_1.0.0.202411081344/tools/bin/../lib/gcc/arm-none-eabi/13.3.1/../../../../arm-none-eabi/lib/thumb/v7-m/nofp\libm.a
LOAD D:/down/STM32CubeIDE_1.19.0/STM32CubeIDE/plugins/com.st.stm32cube.ide.mcu.externaltools.gnu-tools-for-stm32.13.3.rel1.win32_1.0.0.202411081344/tools/bin/../lib/gcc/arm-none-eabi/13.3.1/thumb/v7-m/nofp\libgcc.a

.debug_info     0x00000000     0x8a8c
 .debug_info    0x00000000      0x23c ./Core/Src/button.o
 .debug_info    0x0000023c      0x2be ./Core/Src/fsm_automatic.o
 .debug_info    0x000004fa      0x18e ./Core/Src/fsm_manual.o
 .debug_info    0x00000688       0xda ./Core/Src/global.o
 .debug_info    0x00000762      0x249 ./Core/Src/led7_segment.o
 .debug_info    0x000009ab      0xc08 ./Core/Src/main.o
 .debug_info    0x000015b3      0x283 ./Core/Src/scheduler.o
 .debug_info    0x00001836      0x10d ./Core/Src/software_timer.o
 .debug_info    0x00001943      0x91a ./Core/Src/stm32f1xx_hal_msp.o
 .debug_info    0x0000225d      0x6a1 ./Core/Src/stm32f1xx_it.o
 .debug_info    0x000028fe      0x222 ./Core/Src/system_stm32f1xx.o
 .debug_info    0x00002b20      0x279 ./Core/Src/traffic_light.o
 .debug_info    0x00002d99       0x30 ./Core/Startup/startup_stm32f103c6ux.o
 .debug_info    0x00002dc9      0x6e6 ./Drivers/STM32F1xx_HAL_Driver/Src/stm32f1xx_hal.o
 .debug_info    0x000034af      0xa69 ./Drivers/STM32F1xx_HAL_Driver/Src/stm32f1xx_hal_cortex.o
 .debug_info    0x00003f18      0x5ab ./Drivers/STM32F1xx_HAL_Driver/Src/stm32f1xx_hal_gpio.o
 .debug_info    0x000044c3      0x7d5 ./Drivers/STM32F1xx_HAL_Driver/Src/stm32f1xx_hal_rcc.o
 .debug_info    0x00004c98     0x2959 ./Drivers/STM32F1xx_HAL_Driver/Src/stm32f1xx_hal_tim.o
 .debug_info    0x000075f1     0x149b ./Drivers/STM32F1xx_HAL_Driver/Src/stm32f1xx_hal_tim_ex.o

.debug_abbrev   0x00000000     0x1e1c
 .debug_abbrev  0x00000000      0x15c ./Core/Src/button.o
 .debug_abbrev  0x0000015c      0x15b ./Core/Src/fsm_automatic.o
 .debug_abbrev  0x000002b7       0xbb ./Core/Src/fsm_manual.o
 .debug_abbrev  0x00000372       0x43 ./Core/Src/global.o
 .debug_abbrev  0x000003b5      0x12f ./Core/Src/led7_segment.o
 .debug_abbrev  0x000004e4      0x2d1 ./Core/Src/main.o
 .debug_abbrev  0x000007b5      0x158 ./Core/Src/scheduler.o
 .debug_abbrev  0x0000090d       0xf1 ./Core/Src/software_timer.o
 .debug_abbrev  0x000009fe      0x1ad ./Core/Src/stm32f1xx_hal_msp.o
 .debug_abbrev  0x00000bab      0x191 ./Core/Src/stm32f1xx_it.o
 .debug_abbrev  0x00000d3c      0x13f ./Core/Src/system_stm32f1xx.o
 .debug_abbrev  0x00000e7b      0x10e ./Core/Src/traffic_light.o
 .debug_abbrev  0x00000f89       0x24 ./Core/Startup/startup_stm32f103c6ux.o
 .debug_abbrev  0x00000fad      0x201 ./Drivers/STM32F1xx_HAL_Driver/Src/stm32f1xx_hal.o
 .debug_abbrev  0x000011ae      0x2f8 ./Drivers/STM32F1xx_HAL_Driver/Src/stm32f1xx_hal_cortex.o
 .debug_abbrev  0x000014a6      0x1ca ./Drivers/STM32F1xx_HAL_Driver/Src/stm32f1xx_hal_gpio.o
 .debug_abbrev  0x00001670      0x2b3 ./Drivers/STM32F1xx_HAL_Driver/Src/stm32f1xx_hal_rcc.o
 .debug_abbrev  0x00001923      0x277 ./Drivers/STM32F1xx_HAL_Driver/Src/stm32f1xx_hal_tim.o
 .debug_abbrev  0x00001b9a      0x282 ./Drivers/STM32F1xx_HAL_Driver/Src/stm32f1xx_hal_tim_ex.o

.debug_aranges  0x00000000      0xb40
 .debug_aranges
                0x00000000       0x28 ./Core/Src/button.o
 .debug_aranges
                0x00000028       0x40 ./Core/Src/fsm_automatic.o
 .debug_aranges
                0x00000068       0x28 ./Core/Src/fsm_manual.o
 .debug_aranges
                0x00000090       0x18 ./Core/Src/global.o
 .debug_aranges
                0x000000a8       0x78 ./Core/Src/led7_segment.o
 .debug_aranges
                0x00000120       0x50 ./Core/Src/main.o
 .debug_aranges
                0x00000170       0x40 ./Core/Src/scheduler.o
 .debug_aranges
                0x000001b0       0x30 ./Core/Src/software_timer.o
 .debug_aranges
                0x000001e0       0x30 ./Core/Src/stm32f1xx_hal_msp.o
 .debug_aranges
                0x00000210       0x68 ./Core/Src/stm32f1xx_it.o
 .debug_aranges
                0x00000278       0x28 ./Core/Src/system_stm32f1xx.o
 .debug_aranges
                0x000002a0       0x78 ./Core/Src/traffic_light.o
 .debug_aranges
                0x00000318       0x28 ./Core/Startup/startup_stm32f103c6ux.o
 .debug_aranges
                0x00000340       0xe0 ./Drivers/STM32F1xx_HAL_Driver/Src/stm32f1xx_hal.o
 .debug_aranges
                0x00000420      0x100 ./Drivers/STM32F1xx_HAL_Driver/Src/stm32f1xx_hal_cortex.o
 .debug_aranges
                0x00000520       0x58 ./Drivers/STM32F1xx_HAL_Driver/Src/stm32f1xx_hal_gpio.o
 .debug_aranges
                0x00000578       0x90 ./Drivers/STM32F1xx_HAL_Driver/Src/stm32f1xx_hal_rcc.o
 .debug_aranges
                0x00000608      0x3d0 ./Drivers/STM32F1xx_HAL_Driver/Src/stm32f1xx_hal_tim.o
 .debug_aranges
                0x000009d8      0x168 ./Drivers/STM32F1xx_HAL_Driver/Src/stm32f1xx_hal_tim_ex.o

.debug_rnglists
                0x00000000      0x886
 .debug_rnglists
                0x00000000       0x1a ./Core/Src/button.o
 .debug_rnglists
                0x0000001a       0x2e ./Core/Src/fsm_automatic.o
 .debug_rnglists
                0x00000048       0x1a ./Core/Src/fsm_manual.o
 .debug_rnglists
                0x00000062       0x56 ./Core/Src/led7_segment.o
 .debug_rnglists
                0x000000b8       0x39 ./Core/Src/main.o
 .debug_rnglists
                0x000000f1       0x3e ./Core/Src/scheduler.o
 .debug_rnglists
                0x0000012f       0x1f ./Core/Src/software_timer.o
 .debug_rnglists
                0x0000014e       0x1f ./Core/Src/stm32f1xx_hal_msp.o
 .debug_rnglists
                0x0000016d       0x49 ./Core/Src/stm32f1xx_it.o
 .debug_rnglists
                0x000001b6       0x1a ./Core/Src/system_stm32f1xx.o
 .debug_rnglists
                0x000001d0       0x55 ./Core/Src/traffic_light.o
 .debug_rnglists
                0x00000225       0x19 ./Core/Startup/startup_stm32f103c6ux.o
 .debug_rnglists
                0x0000023e       0xa3 ./Drivers/STM32F1xx_HAL_Driver/Src/stm32f1xx_hal.o
 .debug_rnglists
                0x000002e1       0xbb ./Drivers/STM32F1xx_HAL_Driver/Src/stm32f1xx_hal_cortex.o
 .debug_rnglists
                0x0000039c       0x3f ./Drivers/STM32F1xx_HAL_Driver/Src/stm32f1xx_hal_gpio.o
 .debug_rnglists
                0x000003db       0x6c ./Drivers/STM32F1xx_HAL_Driver/Src/stm32f1xx_hal_rcc.o
 .debug_rnglists
                0x00000447      0x31a ./Drivers/STM32F1xx_HAL_Driver/Src/stm32f1xx_hal_tim.o
 .debug_rnglists
                0x00000761      0x125 ./Drivers/STM32F1xx_HAL_Driver/Src/stm32f1xx_hal_tim_ex.o

.debug_macro    0x00000000    0x177b8
 .debug_macro   0x00000000      0x1ce ./Core/Src/button.o
 .debug_macro   0x000001ce      0xacc ./Core/Src/button.o
 .debug_macro   0x00000c9a      0x215 ./Core/Src/button.o
 .debug_macro   0x00000eaf       0x2e ./Core/Src/button.o
 .debug_macro   0x00000edd       0x22 ./Core/Src/button.o
 .debug_macro   0x00000eff       0x22 ./Core/Src/button.o
 .debug_macro   0x00000f21       0x8e ./Core/Src/button.o
 .debug_macro   0x00000faf       0x51 ./Core/Src/button.o
 .debug_macro   0x00001000      0x103 ./Core/Src/button.o
 .debug_macro   0x00001103       0x6a ./Core/Src/button.o
 .debug_macro   0x0000116d      0x1df ./Core/Src/button.o
 .debug_macro   0x0000134c       0x1c ./Core/Src/button.o
 .debug_macro   0x00001368       0x22 ./Core/Src/button.o
 .debug_macro   0x0000138a       0xbd ./Core/Src/button.o
 .debug_macro   0x00001447      0xd23 ./Core/Src/button.o
 .debug_macro   0x0000216a     0xde75 ./Core/Src/button.o
 .debug_macro   0x0000ffdf       0x6d ./Core/Src/button.o
 .debug_macro   0x0001004c     0x34a2 ./Core/Src/button.o
 .debug_macro   0x000134ee      0x190 ./Core/Src/button.o
 .debug_macro   0x0001367e       0x5c ./Core/Src/button.o
 .debug_macro   0x000136da      0x5bc ./Core/Src/button.o
 .debug_macro   0x00013c96      0x1b7 ./Core/Src/button.o
 .debug_macro   0x00013e4d      0x1cb ./Core/Src/button.o
 .debug_macro   0x00014018      0x114 ./Core/Src/button.o
 .debug_macro   0x0001412c      0x1b2 ./Core/Src/button.o
 .debug_macro   0x000142de       0x27 ./Core/Src/button.o
 .debug_macro   0x00014305      0x12f ./Core/Src/button.o
 .debug_macro   0x00014434      0x1bc ./Core/Src/button.o
 .debug_macro   0x000145f0       0x34 ./Core/Src/button.o
 .debug_macro   0x00014624       0x3c ./Core/Src/button.o
 .debug_macro   0x00014660       0x57 ./Core/Src/button.o
 .debug_macro   0x000146b7       0x87 ./Core/Src/button.o
 .debug_macro   0x0001473e      0x183 ./Core/Src/button.o
 .debug_macro   0x000148c1      0x140 ./Core/Src/button.o
 .debug_macro   0x00014a01      0x8ed ./Core/Src/button.o
 .debug_macro   0x000152ee       0x69 ./Core/Src/button.o
 .debug_macro   0x00015357      0x100 ./Core/Src/button.o
 .debug_macro   0x00015457      0x1d7 ./Core/Src/fsm_automatic.o
 .debug_macro   0x0001562e       0x70 ./Core/Src/fsm_automatic.o
 .debug_macro   0x0001569e      0x1f1 ./Core/Src/fsm_manual.o
 .debug_macro   0x0001588f       0x1a ./Core/Src/global.o
 .debug_macro   0x000158a9      0x1b0 ./Core/Src/led7_segment.o
 .debug_macro   0x00015a59      0x2e0 ./Core/Src/main.o
 .debug_macro   0x00015d39       0x24 ./Core/Src/main.o
 .debug_macro   0x00015d5d       0x61 ./Core/Src/main.o
 .debug_macro   0x00015dbe       0x43 ./Core/Src/main.o
 .debug_macro   0x00015e01       0x34 ./Core/Src/main.o
 .debug_macro   0x00015e35       0x16 ./Core/Src/main.o
 .debug_macro   0x00015e4b       0x3c ./Core/Src/main.o
 .debug_macro   0x00015e87      0x370 ./Core/Src/main.o
 .debug_macro   0x000161f7       0x16 ./Core/Src/main.o
 .debug_macro   0x0001620d       0x4a ./Core/Src/main.o
 .debug_macro   0x00016257       0x34 ./Core/Src/main.o
 .debug_macro   0x0001628b       0x10 ./Core/Src/main.o
 .debug_macro   0x0001629b       0x58 ./Core/Src/main.o
 .debug_macro   0x000162f3       0x8e ./Core/Src/main.o
 .debug_macro   0x00016381       0x1c ./Core/Src/main.o
 .debug_macro   0x0001639d      0x185 ./Core/Src/main.o
 .debug_macro   0x00016522       0x16 ./Core/Src/main.o
 .debug_macro   0x00016538       0x29 ./Core/Src/main.o
 .debug_macro   0x00016561       0x10 ./Core/Src/main.o
 .debug_macro   0x00016571      0x14d ./Core/Src/scheduler.o
 .debug_macro   0x000166be       0x27 ./Core/Src/software_timer.o
 .debug_macro   0x000166e5      0x1a6 ./Core/Src/stm32f1xx_hal_msp.o
 .debug_macro   0x0001688b      0x1b0 ./Core/Src/stm32f1xx_it.o
 .debug_macro   0x00016a3b      0x197 ./Core/Src/system_stm32f1xx.o
 .debug_macro   0x00016bd2      0x1ba ./Core/Src/traffic_light.o
 .debug_macro   0x00016d8c      0x1bb ./Drivers/STM32F1xx_HAL_Driver/Src/stm32f1xx_hal.o
 .debug_macro   0x00016f47      0x197 ./Drivers/STM32F1xx_HAL_Driver/Src/stm32f1xx_hal_cortex.o
 .debug_macro   0x000170de      0x202 ./Drivers/STM32F1xx_HAL_Driver/Src/stm32f1xx_hal_gpio.o
 .debug_macro   0x000172e0      0x1a9 ./Drivers/STM32F1xx_HAL_Driver/Src/stm32f1xx_hal_rcc.o
 .debug_macro   0x00017489      0x198 ./Drivers/STM32F1xx_HAL_Driver/Src/stm32f1xx_hal_tim.o
 .debug_macro   0x00017621      0x197 ./Drivers/STM32F1xx_HAL_Driver/Src/stm32f1xx_hal_tim_ex.o

.debug_line     0x00000000     0xcd33
 .debug_line    0x00000000      0x7bd ./Core/Src/button.o
 .debug_line    0x000007bd      0x897 ./Core/Src/fsm_automatic.o
 .debug_line    0x00001054      0x958 ./Core/Src/fsm_manual.o
 .debug_line    0x000019ac       0x4d ./Core/Src/global.o
 .debug_line    0x000019f9      0x858 ./Core/Src/led7_segment.o
 .debug_line    0x00002251      0xa08 ./Core/Src/main.o
 .debug_line    0x00002c59      0x748 ./Core/Src/scheduler.o
 .debug_line    0x000033a1       0xcf ./Core/Src/software_timer.o
 .debug_line    0x00003470      0x728 ./Core/Src/stm32f1xx_hal_msp.o
 .debug_line    0x00003b98      0x7b3 ./Core/Src/stm32f1xx_it.o
 .debug_line    0x0000434b      0x76b ./Core/Src/system_stm32f1xx.o
 .debug_line    0x00004ab6      0x859 ./Core/Src/traffic_light.o
 .debug_line    0x0000530f       0x78 ./Core/Startup/startup_stm32f103c6ux.o
 .debug_line    0x00005387      0x99c ./Drivers/STM32F1xx_HAL_Driver/Src/stm32f1xx_hal.o
 .debug_line    0x00005d23      0xb66 ./Drivers/STM32F1xx_HAL_Driver/Src/stm32f1xx_hal_cortex.o
 .debug_line    0x00006889      0x9e4 ./Drivers/STM32F1xx_HAL_Driver/Src/stm32f1xx_hal_gpio.o
 .debug_line    0x0000726d      0xe55 ./Drivers/STM32F1xx_HAL_Driver/Src/stm32f1xx_hal_rcc.o
 .debug_line    0x000080c2     0x3441 ./Drivers/STM32F1xx_HAL_Driver/Src/stm32f1xx_hal_tim.o
 .debug_line    0x0000b503     0x1830 ./Drivers/STM32F1xx_HAL_Driver/Src/stm32f1xx_hal_tim_ex.o

.debug_str      0x00000000    0x858e5
 .debug_str     0x00000000    0x858e5 ./Core/Src/button.o
                              0x7fba8 (size before relaxing)
 .debug_str     0x000858e5    0x7fce7 ./Core/Src/fsm_automatic.o
 .debug_str     0x000858e5    0x7fcab ./Core/Src/fsm_manual.o
 .debug_str     0x000858e5     0x2f17 ./Core/Src/global.o
 .debug_str     0x000858e5    0x7fb2e ./Core/Src/led7_segment.o
 .debug_str     0x000858e5    0x83737 ./Core/Src/main.o
 .debug_str     0x000858e5     0x7456 ./Core/Src/scheduler.o
 .debug_str     0x000858e5     0x2e90 ./Core/Src/software_timer.o
 .debug_str     0x000858e5    0x802c7 ./Core/Src/stm32f1xx_hal_msp.o
 .debug_str     0x000858e5    0x80002 ./Core/Src/stm32f1xx_it.o
 .debug_str     0x000858e5    0x7f7a2 ./Core/Src/system_stm32f1xx.o
 .debug_str     0x000858e5    0x7fbb9 ./Core/Src/traffic_light.o
 .debug_str     0x000858e5       0x56 ./Core/Startup/startup_stm32f103c6ux.o
 .debug_str     0x000858e5    0x7fe9b ./Drivers/STM32F1xx_HAL_Driver/Src/stm32f1xx_hal.o
 .debug_str     0x000858e5    0x7fde7 ./Drivers/STM32F1xx_HAL_Driver/Src/stm32f1xx_hal_cortex.o
 .debug_str     0x000858e5    0x7fb28 ./Drivers/STM32F1xx_HAL_Driver/Src/stm32f1xx_hal_gpio.o
 .debug_str     0x000858e5    0x7fbd1 ./Drivers/STM32F1xx_HAL_Driver/Src/stm32f1xx_hal_rcc.o
 .debug_str     0x000858e5    0x80bd3 ./Drivers/STM32F1xx_HAL_Driver/Src/stm32f1xx_hal_tim.o
 .debug_str     0x000858e5    0x803df ./Drivers/STM32F1xx_HAL_Driver/Src/stm32f1xx_hal_tim_ex.o

.comment        0x00000000       0x43
 .comment       0x00000000       0x43 ./Core/Src/button.o
                                 0x44 (size before relaxing)
 .comment       0x00000043       0x44 ./Core/Src/fsm_automatic.o
 .comment       0x00000043       0x44 ./Core/Src/fsm_manual.o
 .comment       0x00000043       0x44 ./Core/Src/global.o
 .comment       0x00000043       0x44 ./Core/Src/led7_segment.o
 .comment       0x00000043       0x44 ./Core/Src/main.o
 .comment       0x00000043       0x44 ./Core/Src/scheduler.o
 .comment       0x00000043       0x44 ./Core/Src/software_timer.o
 .comment       0x00000043       0x44 ./Core/Src/stm32f1xx_hal_msp.o
 .comment       0x00000043       0x44 ./Core/Src/stm32f1xx_it.o
 .comment       0x00000043       0x44 ./Core/Src/system_stm32f1xx.o
 .comment       0x00000043       0x44 ./Core/Src/traffic_light.o
 .comment       0x00000043       0x44 ./Drivers/STM32F1xx_HAL_Driver/Src/stm32f1xx_hal.o
 .comment       0x00000043       0x44 ./Drivers/STM32F1xx_HAL_Driver/Src/stm32f1xx_hal_cortex.o
 .comment       0x00000043       0x44 ./Drivers/STM32F1xx_HAL_Driver/Src/stm32f1xx_hal_gpio.o
 .comment       0x00000043       0x44 ./Drivers/STM32F1xx_HAL_Driver/Src/stm32f1xx_hal_rcc.o
 .comment       0x00000043       0x44 ./Drivers/STM32F1xx_HAL_Driver/Src/stm32f1xx_hal_tim.o
 .comment       0x00000043       0x44 ./Drivers/STM32F1xx_HAL_Driver/Src/stm32f1xx_hal_tim_ex.o

.debug_frame    0x00000000     0x2b4c
 .debug_frame   0x00000000       0x5c ./Core/Src/button.o
 .debug_frame   0x0000005c       0xa0 ./Core/Src/fsm_automatic.o
 .debug_frame   0x000000fc       0x4c ./Core/Src/fsm_manual.o
 .debug_frame   0x00000148      0x168 ./Core/Src/led7_segment.o
 .debug_frame   0x000002b0       0xf0 ./Core/Src/main.o
 .debug_frame   0x000003a0       0xd4 ./Core/Src/scheduler.o
 .debug_frame   0x00000474       0x88 ./Core/Src/software_timer.o
 .debug_frame   0x000004fc       0x80 ./Core/Src/stm32f1xx_hal_msp.o
 .debug_frame   0x0000057c      0x120 ./Core/Src/stm32f1xx_it.o
 .debug_frame   0x0000069c       0x58 ./Core/Src/system_stm32f1xx.o
 .debug_frame   0x000006f4      0x160 ./Core/Src/traffic_light.o
 .debug_frame   0x00000854      0x334 ./Drivers/STM32F1xx_HAL_Driver/Src/stm32f1xx_hal.o
 .debug_frame   0x00000b88      0x428 ./Drivers/STM32F1xx_HAL_Driver/Src/stm32f1xx_hal_cortex.o
 .debug_frame   0x00000fb0      0x14c ./Drivers/STM32F1xx_HAL_Driver/Src/stm32f1xx_hal_gpio.o
 .debug_frame   0x000010fc      0x218 ./Drivers/STM32F1xx_HAL_Driver/Src/stm32f1xx_hal_rcc.o
 .debug_frame   0x00001314     0x11b4 ./Drivers/STM32F1xx_HAL_Driver/Src/stm32f1xx_hal_tim.o
 .debug_frame   0x000024c8      0x638 ./Drivers/STM32F1xx_HAL_Driver/Src/stm32f1xx_hal_tim_ex.o
 .debug_frame   0x00002b00       0x20 D:/down/STM32CubeIDE_1.19.0/STM32CubeIDE/plugins/com.st.stm32cube.ide.mcu.externaltools.gnu-tools-for-stm32.13.3.rel1.win32_1.0.0.202411081344/tools/bin/../lib/gcc/arm-none-eabi/13.3.1/../../../../arm-none-eabi/lib/thumb/v7-m/nofp\libc_nano.a(libc_a-memset.o)
 .debug_frame   0x00002b20       0x2c D:/down/STM32CubeIDE_1.19.0/STM32CubeIDE/plugins/com.st.stm32cube.ide.mcu.externaltools.gnu-tools-for-stm32.13.3.rel1.win32_1.0.0.202411081344/tools/bin/../lib/gcc/arm-none-eabi/13.3.1/../../../../arm-none-eabi/lib/thumb/v7-m/nofp\libc_nano.a(libc_a-init.o)

.debug_line_str
                0x00000000       0x3a
 .debug_line_str
                0x00000000       0x3a ./Core/Startup/startup_stm32f103c6ux.o
